// Jest Snapshot v1, https://goo.gl/fbAQLP

exports[`index match snapshot 1`] = `
<div>
  <joinus-stub />
   
  <facebookfeed-stub />
</div>
`;
