// Jest Snapshot v1, https://goo.gl/fbAQLP

exports[`kontakt match snapshot 1`] = `
<div>
  <h1>
    Kontakt z dru≈ºynowym
  </h1>
   
  <p>
    
    tel:
    
    <a
      href="tel:+48695516492"
    >
      +48695516492
    </a>
  </p>
   
  <p>
    
    email:
    
    <a
      href="mailto:patryk.niedzwiedzinski@zhr.pl"
    >
      patryk.niedzwiedzinski@zhr.pl
    </a>
  </p>
</div>
`;
