// Jest Snapshot v1, https://goo.gl/fbAQLP

exports[`Onas match snapshot 1`] = `
<h1>
  O nas
</h1>
`;
