// Jest Snapshot v1, https://goo.gl/fbAQLP

exports[`FacebookFindUsButton match snapshot 1`] = `
<a
  href="https://facebook.com/19pdhpuszcza"
  rel="noopener"
  target="_blank"
>
  <div
    class="button"
  >
    <img
      alt="Find us on Facebook"
      class="image"
      src="/assets/social/find_us_fb.png"
    />
  </div>
</a>
`;
