// Jest Snapshot v1, https://goo.gl/fbAQLP

exports[`FacebookFeed match snapshot 1`] = `
<section
  class="feed"
>
  <h1>
    Zobacz co siÄ™ dzieje!
  </h1>
   
  <facebookfindusbutton-stub />
</section>
`;
