// Jest Snapshot v1, https://goo.gl/fbAQLP

exports[`NavLink match snapshot 1`] = `
<li
  class="navlink"
>
  <nuxt-link
    class="link"
    to="/link"
  >
    Link
  </nuxt-link>
</li>
`;
